23:11:16 [INFO] === SharpIQ Motor START ===
23:11:21 [INFO] Analizando fútbol (The Odds API / Pinnacle)...
23:18:21 [INFO] Fútbol: 169 partidos con Pinnacle
23:18:21 [INFO] Analizando deportes adicionales...
23:18:48 [INFO] Analizando player props...
23:18:50 [INFO] Filtro 36h: 145 predicciones futuras eliminadas
23:18:50 [INFO] Predicciones guardadas: 76 partidos — 2026-05-27
23:18:50 [INFO] Mejor prediccion: Carolina Hurricanes vs Montréal Canadiens -- Montréal Canadiens
23:18:50 [INFO] Enviando alertas Telegram...
23:18:59 [INFO] Steam moves: ninguno significativo (umbral ≥5%)
23:23:16 [INFO] === SharpIQ Motor START ===
23:23:20 [INFO] Analizando fútbol (The Odds API / Pinnacle)...
23:27:02 [INFO] Fútbol: 169 partidos con Pinnacle
23:27:02 [INFO] Analizando deportes adicionales...
23:27:19 [INFO] Analizando player props...
23:27:21 [INFO] Filtro 36h: 103 predicciones futuras eliminadas
23:27:21 [INFO] Predicciones guardadas: 118 partidos — 2026-05-27
23:27:21 [INFO] Mejor prediccion: Carolina Hurricanes vs Montréal Canadiens -- Montréal Canadiens
23:27:21 [INFO] Enviando alertas Telegram...
23:27:26 [INFO] Steam moves: ninguno significativo (umbral ≥5%)
