12:26:59 [INFO] === SharpIQ Auto Resultados START ===
12:26:59 [INFO] Auto-resultados: 7 picks pendientes
12:27:02 [INFO] Partidos FT en API (últimos 3 días): 419
12:27:02 [INFO]   ✅ Cienciano vs CA Juventud [1-1] → WIN
12:27:09 [INFO]   ❌ Caracas FC vs Botafogo [1-3] → LOSS
12:27:13 [INFO]   Sin resultado aún: América de Cali vs Macará
12:27:13 [INFO]   Sin resultado aún: Cerro Porteño vs Sporting Cristal
12:27:13 [INFO]   Sin resultado aún: Boca Juniors vs U. Católica (Chile)
12:27:13 [INFO]   Sin resultado aún: PSG vs Arsenal
12:27:13 [INFO]   Sin resultado aún: PSG vs Arsenal
12:27:13 [INFO] datos.js actualizado — 2 resultado/s
12:27:15 [ERROR] Git error: Command '['git', 'push', 'origin', 'main']' returned non-zero exit status 1.
12:27:37 [INFO] === SharpIQ Motor START ===
12:27:39 [INFO] Analizando fútbol (The Odds API / Pinnacle)...
13:24:08 [INFO] === SharpIQ Motor START ===
13:24:08 [INFO] Analizando fútbol (The Odds API / Pinnacle)...
13:26:33 [INFO] Fútbol: 169 partidos con Pinnacle
13:26:33 [INFO] Analizando deportes adicionales...
13:26:49 [INFO] Analizando player props...
13:26:51 [INFO] Filtro 48h: 103 predicciones futuras eliminadas
13:26:51 [INFO] Predicciones guardadas: 120 partidos — 2026-05-28
13:26:51 [INFO] Mejor prediccion: Carolina Hurricanes vs Montréal Canadiens -- Montréal Canadiens
13:26:59 [INFO] Steam moves: ninguno significativo (umbral ≥5%)
13:55:55 [INFO] === SharpIQ Motor START ===
13:55:55 [INFO] Analizando fútbol (The Odds API / Pinnacle)...
14:36:23 [INFO] Fútbol: 169 partidos con Pinnacle
14:36:23 [INFO] Analizando deportes adicionales...
14:36:40 [INFO] Analizando player props...
14:36:42 [INFO] Filtro 48h: 103 predicciones futuras eliminadas
14:36:42 [INFO] Predicciones guardadas: 121 partidos — 2026-05-28
14:36:42 [INFO] Mejor prediccion: Athletic Club (MG) vs Fortaleza -- Over 2.5
14:36:47 [INFO] Steam moves: ninguno significativo (umbral ≥5%)
