"thon" no se reconoce como un comando interno o externo,
programa o archivo por lotes ejecutable.
  DB lista: c:\Users\INGENIERO\Documents\Documentos Yamid Nuñez 2026\Divisual Project\10 SKILLS ADRI Y JUANPE\__MACOSX\10 SKILLS ADRI Y JUANPE\kit-web-scrolling\sharpiq-engine\sharpiq.db

  Recolectando: 2026-05-21
    API-Football /fixtures | Restantes: 77
  Partidos finalizados: 16
    API-Football /fixtures/statistics | Restantes: 76
    API-Football /fixtures/statistics | Restantes: 75
    API-Football /fixtures/statistics | Restantes: 74
    API-Football /fixtures/statistics | Restantes: 73
    API-Football /fixtures/statistics | Restantes: 72
    API-Football /fixtures/statistics | Restantes: 71
    API-Football /fixtures/statistics | Restantes: 70
  Guardados: 16 partidos con stats

  SharpIQ DB:
  Partidos guardados : 23
  Equipos con perfil : 28
  Registros de stats : 28
  Cuotas de apertura : 0
  Ligas cubiertas    : 6
  DB lista: c:\Users\INGENIERO\Documents\Documentos Yamid Nuñez 2026\Divisual Project\10 SKILLS ADRI Y JUANPE\__MACOSX\10 SKILLS ADRI Y JUANPE\kit-web-scrolling\sharpiq-engine\sharpiq.db

  Recolectando: 2026-05-23
    API-Football /fixtures | Restantes: 95
  Partidos finalizados: 59
    API-Football /fixtures/statistics | Restantes: 94
    API-Football /fixtures/statistics | Restantes: 97
    API-Football /fixtures/statistics | Restantes: 96
    API-Football /fixtures/statistics | Restantes: 95
    API-Football /fixtures/statistics | Restantes: 94
    API-Football /fixtures/statistics | Restantes: 93
    API-Football /fixtures/statistics | Restantes: 92
    API-Football /fixtures/statistics | Restantes: 91
    API-Football /fixtures/statistics | Restantes: 90
    API-Football /fixtures/statistics | Restantes: 89
    API-Football /fixtures/statistics | Restantes: 88
    API-Football /fixtures/statistics | Restantes: 99
    API-Football /fixtures/statistics | Restantes: 99
    API-Football /fixtures/statistics | Restantes: 99
    API-Football /fixtures/statistics | Restantes: 99
    API-Football /fixtures/statistics | Restantes: 99
    API-Football /fixtures/statistics | Restantes: 99
    API-Football /fixtures/statistics | Restantes: 99
    API-Football /fixtures/statistics | Restantes: 99
    API-Football /fixtures/statistics | Restantes: 99
    API-Football /fixtures/statistics | Restantes: 99
    API-Football /fixtures/statistics | Restantes: 99
    API-Football /fixtures/statistics | Restantes: 93
    API-Football /fixtures/statistics | Restantes: 92
    API-Football /fixtures/statistics | Restantes: 91
    API-Football /fixtures/statistics | Restantes: 90
    API-Football /fixtures/statistics | Restantes: 89
    API-Football /fixtures/statistics | Restantes: 88
    API-Football /fixtures/statistics | Restantes: 87
    API-Football /fixtures/statistics | Restantes: 86
    API-Football /fixtures/statistics | Restantes: 85
    API-Football /fixtures/statistics | Restantes: 84
    API-Football /fixtures/statistics | Restantes: 99
    API-Football /fixtures/statistics | Restantes: 99
    API-Football /fixtures/statistics | Restantes: 99
    API-Football /fixtures/statistics | Restantes: 99
    API-Football /fixtures/statistics | Restantes: 99
    API-Football /fixtures/statistics | Restantes: 99
    API-Football /fixtures/statistics | Restantes: 99
    API-Football /fixtures/statistics | Restantes: 99
    API-Football /fixtures/statistics | Restantes: 99
    API-Football /fixtures/statistics | Restantes: 99
    API-Football /fixtures/statistics | Restantes: 99
    API-Football /fixtures/statistics | Restantes: 99
    API-Football /fixtures/statistics | Restantes: 99
    API-Football /fixtures/statistics | Restantes: 99
    API-Football /fixtures/statistics | Restantes: 99
    API-Football /fixtures/statistics | Restantes: 99
    API-Football /fixtures/statistics | Restantes: 99
  Guardados: 59 partidos con stats

  SharpIQ DB:
  Partidos guardados : 82
  Equipos con perfil : 66
  Registros de stats : 66
  Cuotas de apertura : 0
  Ligas cubiertas    : 19
  DB lista: c:\Users\INGENIERO\Documents\Documentos Yamid Nuñez 2026\Divisual Project\10 SKILLS ADRI Y JUANPE\__MACOSX\10 SKILLS ADRI Y JUANPE\kit-web-scrolling\sharpiq-engine\sharpiq.db

  Recolectando: 2026-05-24
    API-Football /fixtures | Restantes: 76
  Partidos finalizados: 74
    API-Football /fixtures/statistics | Restantes: 75
    API-Football /fixtures/statistics | Restantes: 74
    API-Football /fixtures/statistics | Restantes: 73
    API-Football /fixtures/statistics | Restantes: 78
    API-Football /fixtures/statistics | Restantes: 77
    API-Football /fixtures/statistics | Restantes: 76
    API-Football /fixtures/statistics | Restantes: 75
    API-Football /fixtures/statistics | Restantes: 74
    API-Football /fixtures/statistics | Restantes: 73
    API-Football /fixtures/statistics | Restantes: 72
    API-Football /fixtures/statistics | Restantes: 71
    API-Football /fixtures/statistics | Restantes: 70
    API-Football /fixtures/statistics | Restantes: 69
    API-Football /fixtures/statistics | Restantes: 99
    API-Football /fixtures/statistics | Restantes: 99
    API-Football /fixtures/statistics | Restantes: 99
    API-Football /fixtures/statistics | Restantes: 99
    API-Football /fixtures/statistics | Restantes: 99
    API-Football /fixtures/statistics | Restantes: 99
    API-Football /fixtures/statistics | Restantes: 99
    API-Football /fixtures/statistics | Restantes: 99
    API-Football /fixtures/statistics | Restantes: 99
    API-Football /fixtures/statistics | Restantes: 99
    API-Football /fixtures/statistics | Restantes: 99
    API-Football /fixtures/statistics | Restantes: 99
    API-Football /fixtures/statistics | Restantes: 99
    API-Football /fixtures/statistics | Restantes: 72
    API-Football /fixtures/statistics | Restantes: 71
    API-Football /fixtures/statistics | Restantes: 70
    API-Football /fixtures/statistics | Restantes: 69
    API-Football /fixtures/statistics | Restantes: 68
    API-Football /fixtures/statistics | Restantes: 67
    API-Football /fixtures/statistics | Restantes: 66
    API-Football /fixtures/statistics | Restantes: 65
    API-Football /fixtures/statistics | Restantes: 64
    API-Football /fixtures/statistics | Restantes: 63
    API-Football /fixtures/statistics | Restantes: 99
    API-Football /fixtures/statistics | Restantes: 99
    API-Football /fixtures/statistics | Restantes: 99
    API-Football /fixtures/statistics | Restantes: 99
    API-Football /fixtures/statistics | Restantes: 99
    API-Football /fixtures/statistics | Restantes: 99
    API-Football /fixtures/statistics | Restantes: 99
    API-Football /fixtures/statistics | Restantes: 99
    API-Football /fixtures/statistics | Restantes: 99
    API-Football /fixtures/statistics | Restantes: 99
    API-Football /fixtures/statistics | Restantes: 99
    API-Football /fixtures/statistics | Restantes: 99
    API-Football /fixtures/statistics | Restantes: 99
    API-Football /fixtures/statistics | Restantes: 99
    API-Football /fixtures/statistics | Restantes: 99
    API-Football /fixtures/statistics | Restantes: 99
    API-Football /fixtures/statistics | Restantes: 99
    API-Football /fixtures/statistics | Restantes: 99
    API-Football /fixtures/statistics | Restantes: 99
    API-Football /fixtures/statistics | Restantes: 62
    API-Football /fixtures/statistics | Restantes: 61
    API-Football /fixtures/statistics | Restantes: 60
    API-Football /fixtures/statistics | Restantes: 59
    API-Football /fixtures/statistics | Restantes: 58
    API-Football /fixtures/statistics | Restantes: 57
  Guardados: 74 partidos con stats

  SharpIQ DB:
  Partidos guardados : 156
  Equipos con perfil : 120
  Registros de stats : 124
  Cuotas de apertura : 0
  Ligas cubiertas    : 24
