"thon" no se reconoce como un comando interno o externo,
programa o archivo por lotes ejecutable.
[main 28fc562] auto: resultados actualizados (2026-05-22)
 1 file changed, 8 insertions(+), 9 deletions(-)
To https://github.com/yamidnunezh-hash/sharpiq.git
   e102bcf..28fc562  main -> main

 SharpIQ — Auto Resultados
  Eventos pendientes: 49
    API-Football /fixtures | Restantes: 79
    API-Football /fixtures | Restantes: 78
  Partidos FT encontrados en API: 229
  ⏳ Sin resultado aún: Fiorentina vs Atalanta
  ⏳ Sin resultado aún: VPS vs HJK Helsinki
  ⏳ Sin resultado aún: Djurgardens IF vs IF Brommapojkarna
  ⏳ Sin resultado aún: Ried vs Rapid Vienna
  ⏳ Sin resultado aún: Sudtirol vs Bari
  ⏳ Sin resultado aún: Rot-Weiß Essen vs SpVgg Greuther Fürth
  ⏳ Sin resultado aún: Derry City vs St Patrick's Athl.
  ⏳ Sin resultado aún: Galway United vs Bohemians
  ⏳ Sin resultado aún: Shelbourne vs Waterford
  ⏳ Sin resultado aún: Drogheda United vs Dundalk
  ⏳ Sin resultado aún: Shamrock Rovers vs Sligo Rovers
  ⏳ Sin resultado aún: Everton de Vina vs Coquimbo Unido
  ⏳ Sin resultado aún: Nautico Recife vs Cuiaba
  ⏳ Sin resultado aún: San Antonio Spurs vs Oklahoma City Thunder
  ⏳ Sin resultado aún: Cleveland Cavaliers vs New York Knicks
  ⏳ Sin resultado aún: Chicago Cubs vs Houston Astros
  ⏳ Sin resultado aún: Cincinnati Reds vs St. Louis Cardinals
  ⏳ Sin resultado aún: Philadelphia Phillies vs Cleveland Guardians
  ⚠ No reconozco predicción: 'Tampa Bay Rays' — marcada como loss
  ❌ New York Yankees vs Tampa Bay Rays | 0-1 | Tampa Bay Rays → LOSS
  DB CLV resultado: psycopg2 no instalado — pip install psycopg2-binary
  DB lista: c:\Users\INGENIERO\Documents\Documentos Yamid Nuñez 2026\Divisual Project\10 SKILLS ADRI Y JUANPE\__MACOSX\10 SKILLS ADRI Y JUANPE\kit-web-scrolling\sharpiq-engine\sharpiq.db
  ⏳ Sin resultado aún: Toronto Blue Jays vs Pittsburgh Pirates
  ⏳ Sin resultado aún: Boston Red Sox vs Minnesota Twins
  ⏳ Sin resultado aún: Miami Marlins vs New York Mets
  ⏳ Sin resultado aún: Atlanta Braves vs Washington Nationals
  ⏳ Sin resultado aún: Baltimore Orioles vs Detroit Tigers
  ⏳ Sin resultado aún: Kansas City Royals vs Seattle Mariners
  ⏳ Sin resultado aún: Milwaukee Brewers vs Los Angeles Dodgers
  ⏳ Sin resultado aún: Los Angeles Angels vs Texas Rangers
  ⏳ Sin resultado aún: Arizona Diamondbacks vs Colorado Rockies
  ⏳ Sin resultado aún: San Diego Padres vs Athletics
  ⏳ Sin resultado aún: San Francisco Giants vs Chicago White Sox
  ⏳ Sin resultado aún: Colorado Avalanche vs Vegas Golden Knights
  ⏳ Sin resultado aún: Carolina Hurricanes vs Montréal Canadiens
  ⏳ Sin resultado aún: Seattle Seahawks vs New England Patriots
  ⏳ Sin resultado aún: Los Angeles Rams vs San Francisco 49ers
  ⏳ Sin resultado aún: Pittsburgh Steelers vs Atlanta Falcons
  ⏳ Sin resultado aún: Indianapolis Colts vs Baltimore Ravens
  ⏳ Sin resultado aún: Houston Texans vs Buffalo Bills
  ⏳ Sin resultado aún: Carolina Panthers vs Chicago Bears
  ⏳ Sin resultado aún: Cincinnati Bengals vs Tampa Bay Buccaneers
  ⏳ Sin resultado aún: Jacksonville Jaguars vs Cleveland Browns
  ⏳ Sin resultado aún: Detroit Lions vs New Orleans Saints
  ⏳ Sin resultado aún: Tennessee Titans vs New York Jets
  ⏳ Sin resultado aún: Los Angeles Chargers vs Arizona Cardinals
  ⏳ Sin resultado aún: Minnesota Vikings vs Green Bay Packers
  ⏳ Sin resultado aún: Las Vegas Raiders vs Miami Dolphins
  ⏳ Sin resultado aún: Philadelphia Eagles vs Washington Commanders
  ⏳ Sin resultado aún: New York Giants vs Dallas Cowboys
  ⏳ Sin resultado aún: Kansas City Chiefs vs Denver Broncos
  ⏳ Sin resultado aún: Orlando Storm vs DC Defenders

  datos.js actualizado (1 resultado/s)
  GitHub actualizado ✓
[main 999e599] auto: resultados actualizados (2026-05-24)
 1 file changed, 16 insertions(+), 19 deletions(-)
To https://github.com/yamidnunezh-hash/sharpiq.git
 ! [rejected]        main -> main (fetch first)
error: failed to push some refs to 'https://github.com/yamidnunezh-hash/sharpiq.git'
hint: Updates were rejected because the remote contains work that you do not
hint: have locally. This is usually caused by another repository pushing to
hint: the same ref. If you want to integrate the remote changes, use
hint: 'git pull' before pushing again.
hint: See the 'Note about fast-forwards' in 'git push --help' for details.

 SharpIQ — Auto Resultados
  Eventos pendientes: 6
    API-Football /fixtures | Restantes: 97
    API-Football /fixtures | Restantes: 96
  Partidos FT encontrados en API: 1243
  ⚠ No reconozco predicción: 'over325' — marcada como loss
  ❌ Chicago Fire vs Toronto FC | 2-1 | over325 → LOSS
  DB lista: c:\Users\INGENIERO\Documents\Documentos Yamid Nuñez 2026\Divisual Project\10 SKILLS ADRI Y JUANPE\__MACOSX\10 SKILLS ADRI Y JUANPE\kit-web-scrolling\sharpiq-engine\sharpiq.db
  ⏳ Sin resultado aún: Carolina Hurricanes vs Montréal Canadiens
  ⏳ Sin resultado aún: Arizona Diamondbacks vs Colorado Rockies
  ⚠ No reconozco predicción: 'Vegas Golden Knights — EV +24%' — marcada como loss
  ❌ Vegas Golden Knights vs Colorado Avalanche | 2-0 | Vegas Golden Knights — EV +24% → LOSS
  DB lista: c:\Users\INGENIERO\Documents\Documentos Yamid Nuñez 2026\Divisual Project\10 SKILLS ADRI Y JUANPE\__MACOSX\10 SKILLS ADRI Y JUANPE\kit-web-scrolling\sharpiq-engine\sharpiq.db
  ⏳ Sin resultado aún: Inter Miami CF vs Philadelphia Union
  ⏳ Sin resultado aún: Lech Poznań vs Wisła Płock

  datos.js actualizado (2 resultado/s)
  Git error: Command '['git', 'push', 'origin', 'main']' returned non-zero exit status 1.
[main 5fca36c] auto: resultados actualizados (2026-05-25)
 1 file changed, 16 insertions(+), 19 deletions(-)
To https://github.com/yamidnunezh-hash/sharpiq.git
 ! [rejected]        main -> main (fetch first)
error: failed to push some refs to 'https://github.com/yamidnunezh-hash/sharpiq.git'
hint: Updates were rejected because the remote contains work that you do not
hint: have locally. This is usually caused by another repository pushing to
hint: the same ref. If you want to integrate the remote changes, use
hint: 'git pull' before pushing again.
hint: See the 'Note about fast-forwards' in 'git push --help' for details.

 SharpIQ — Auto Resultados
  Eventos pendientes: 3
    API-Football /fixtures | Restantes: 78
    API-Football /fixtures | Restantes: 77
  Partidos FT encontrados en API: 691
  ❌ AC Milan vs Cagliari | 1-2 | Gana AC Milan → LOSS
  DB lista: c:\Users\INGENIERO\Documents\Documentos Yamid Nuñez 2026\Divisual Project\10 SKILLS ADRI Y JUANPE\__MACOSX\10 SKILLS ADRI Y JUANPE\kit-web-scrolling\sharpiq-engine\sharpiq.db
  Odds API soccer_italy_serie_a: HTTP 422 — {"message":"Markets not supported by this endpoint: btts, double_chance, draw_no_bet","error_code":"INVALID_MARKET","det
  ❌ Inter Miami CF vs Philadelphia Union | 6-4 | Victoria Visitante — EV +9% → LOSS
  DB lista: c:\Users\INGENIERO\Documents\Documentos Yamid Nuñez 2026\Divisual Project\10 SKILLS ADRI Y JUANPE\__MACOSX\10 SKILLS ADRI Y JUANPE\kit-web-scrolling\sharpiq-engine\sharpiq.db
  Odds API soccer_usa_mls: HTTP 422 — {"message":"Markets not supported by this endpoint: btts, double_chance, draw_no_bet","error_code":"INVALID_MARKET","det
  ⏳ Sin resultado aún: Lech Poznań vs Wisła Płock

  datos.js actualizado (2 resultado/s)
  Git error: Command '['git', 'push', 'origin', 'main']' returned non-zero exit status 1.
